// Jest Snapshot v1, https://goo.gl/fbAQLP

exports[`add article article form 1`] = `"<div>Loading...</div>"`;
