// Jest Snapshot v1, https://goo.gl/fbAQLP

exports[`profile snapshot 1`] = `"<h1>Vennligst logg inn f√∏rst</h1>"`;
